Customer ID: Customer ID must be exactly 6 characters.
Customer ID: Customer ID must be exactly 6 characters.
Customer ID: Customer ID must be exactly 6 characters.
Customer ID: Customer ID must be exactly 6 characters.
Customer ID: First Name: Last Name: Email: Home Address: City: State: Zip Code: Phone Number: Credit Card Number: Credit Card Type: Credit Card Expiration Date: 
Customer data successfully saved.
