---------------
Customer ID: 1
Name: Dom
---------------
---------------
Customer ID: 2
Name: Roddick
---------------
