---------------
Customer ID: 000001
Name: Dom
---------------
