Customer ID: 
Customer ID is required.
Customer ID: 
First Name: 
Last Name: 
Email: 
Home Address: 
City: 
State: 
Zip Code: 
Phone Number: 
Credit Card Number: 
Credit Card Type: 
Credit Card Expiration Date: 

Customer data successfully saved.
